trainable params: 6,635,536 || all params: 14,152,422,432 || trainable%: 0.0469
{'eval_loss': 0.29514968395233154, 'eval_accuracy': 0.9100746581662612, 'eval_precision': 0.7929718854839009, 'eval_recall': 0.7722299105556025, 'eval_f1': 0.7802873597154489, 'eval_mean_confidence': 0.9225049018859863, 'eval_mean_uncertainty': 0.24327589571475983, 'eval_mean_confidence_gap': 0.872259795665741, 'eval_runtime': 7.4802, 'eval_samples_per_second': 49.998, 'eval_steps_per_second': 6.283, 'epoch': 1.0}
{'eval_loss': 0.2566816508769989, 'eval_accuracy': 0.9166177334116266, 'eval_precision': 0.8666071008305913, 'eval_recall': 0.779905019048124, 'eval_f1': 0.7976263728433702, 'eval_mean_confidence': 0.9217051267623901, 'eval_mean_uncertainty': 0.23954950273036957, 'eval_mean_confidence_gap': 0.8689415454864502, 'eval_runtime': 7.4687, 'eval_samples_per_second': 50.076, 'eval_steps_per_second': 6.293, 'epoch': 2.0}
{'loss': 0.3971, 'grad_norm': 1.7354507446289062, 'learning_rate': 0.00014663101604278075, 'epoch': 2.67}
{'eval_loss': 0.24480317533016205, 'eval_accuracy': 0.9222380672762353, 'eval_precision': 0.9270725621865452, 'eval_recall': 0.8251930200648694, 'eval_f1': 0.8562883416350204, 'eval_mean_confidence': 0.9366505146026611, 'eval_mean_uncertainty': 0.1903265118598938, 'eval_mean_confidence_gap': 0.8928143978118896, 'eval_runtime': 7.5276, 'eval_samples_per_second': 49.684, 'eval_steps_per_second': 6.244, 'epoch': 3.0}
{'eval_loss': 0.2574603259563446, 'eval_accuracy': 0.923496350977267, 'eval_precision': 0.8706691187766981, 'eval_recall': 0.8110769484429035, 'eval_f1': 0.8313423947099348, 'eval_mean_confidence': 0.9524755477905273, 'eval_mean_uncertainty': 0.1407322734594345, 'eval_mean_confidence_gap': 0.9179354310035706, 'eval_runtime': 7.541, 'eval_samples_per_second': 49.596, 'eval_steps_per_second': 6.233, 'epoch': 4.0}
{'eval_loss': 0.3062919080257416, 'eval_accuracy': 0.9228252663367167, 'eval_precision': 0.8968524840209351, 'eval_recall': 0.8351263118170749, 'eval_f1': 0.8559939282701323, 'eval_mean_confidence': 0.9658699035644531, 'eval_mean_uncertainty': 0.09633824974298477, 'eval_mean_confidence_gap': 0.9391452670097351, 'eval_runtime': 7.4704, 'eval_samples_per_second': 50.064, 'eval_steps_per_second': 6.291, 'epoch': 5.0}
{'loss': 0.1147, 'grad_norm': 1.3293564319610596, 'learning_rate': 9.315508021390374e-05, 'epoch': 5.35}
{'eval_loss': 0.34299543499946594, 'eval_accuracy': 0.9231608086569919, 'eval_precision': 0.8627900015974925, 'eval_recall': 0.832690261792218, 'eval_f1': 0.8458129311438094, 'eval_mean_confidence': 0.9692374467849731, 'eval_mean_uncertainty': 0.08440783619880676, 'eval_mean_confidence_gap': 0.9449604153633118, 'eval_runtime': 7.4531, 'eval_samples_per_second': 50.18, 'eval_steps_per_second': 6.306, 'epoch': 6.0}
{'eval_loss': 0.4131392538547516, 'eval_accuracy': 0.9236641221374046, 'eval_precision': 0.8291595573905879, 'eval_recall': 0.8132965087087975, 'eval_f1': 0.820493887385554, 'eval_mean_confidence': 0.9756569862365723, 'eval_mean_uncertainty': 0.06489085406064987, 'eval_mean_confidence_gap': 0.9554889798164368, 'eval_runtime': 7.3994, 'eval_samples_per_second': 50.545, 'eval_steps_per_second': 6.352, 'epoch': 7.0}
{'eval_loss': 0.45800572633743286, 'eval_accuracy': 0.9241674356178173, 'eval_precision': 0.8743775335141035, 'eval_recall': 0.8385507753666311, 'eval_f1': 0.8536573259779259, 'eval_mean_confidence': 0.9787864685058594, 'eval_mean_uncertainty': 0.05643273517489433, 'eval_mean_confidence_gap': 0.9609869718551636, 'eval_runtime': 7.4405, 'eval_samples_per_second': 50.265, 'eval_steps_per_second': 6.317, 'epoch': 8.0}
{'loss': 0.0331, 'grad_norm': 0.7547286748886108, 'learning_rate': 3.967914438502674e-05, 'epoch': 8.02}
{'eval_loss': 0.470719575881958, 'eval_accuracy': 0.9243352067779549, 'eval_precision': 0.8991335162221366, 'eval_recall': 0.8384657926755221, 'eval_f1': 0.8571023848445247, 'eval_mean_confidence': 0.979697048664093, 'eval_mean_uncertainty': 0.05263661965727806, 'eval_mean_confidence_gap': 0.9623658657073975, 'eval_runtime': 7.4096, 'eval_samples_per_second': 50.475, 'eval_steps_per_second': 6.343, 'epoch': 9.0}
{'eval_loss': 0.4764347970485687, 'eval_accuracy': 0.9248385202583675, 'eval_precision': 0.9040693427318442, 'eval_recall': 0.8381985520764432, 'eval_f1': 0.8589217910536896, 'eval_mean_confidence': 0.9800659418106079, 'eval_mean_uncertainty': 0.051766287535429, 'eval_mean_confidence_gap': 0.9631806015968323, 'eval_runtime': 7.4567, 'eval_samples_per_second': 50.156, 'eval_steps_per_second': 6.303, 'epoch': 10.0}
{'train_runtime': 602.8402, 'train_samples_per_second': 24.783, 'train_steps_per_second': 3.102, 'train_loss': 0.148256649945509, 'epoch': 10.0}

Classification Report
==================================================
              precision    recall  f1-score   support

         ADJ     0.8503    0.6906    0.7622       181
         ADP     0.9238    0.9492    0.9363      1379
         ADV     0.8275    0.7205    0.7703       526
       CCONJ     0.9932    0.9894    0.9913      1039
         DET     0.8621    0.9078    0.8843      1453
        INTJ     1.0000    0.3333    0.5000         3
        NOUN     0.9030    0.9154    0.9092      1394
         NUM     0.8543    0.8716    0.8629       148
        PART     0.9608    0.9671    0.9639       152
        PRON     0.8732    0.8295    0.8508       880
       PROPN     0.9716    0.9776    0.9746       490
       PUNCT     1.0000    0.9993    0.9996      1337
       SCONJ     0.9773    0.9806    0.9790       878
         SYM     0.9756    0.9524    0.9639        42
        VERB     0.9209    0.9268    0.9238      2009
           X     0.5714    0.4000    0.4706        10

    accuracy                         0.9248     11921
   macro avg     0.9041    0.8382    0.8589     11921
weighted avg     0.9243    0.9248    0.9241     11921


Uncertainty Measures:
Mean Confidence: 0.9801
Mean Uncertainty (Entropy): 0.0518
Mean Confidence Gap: -0.9632
