Number of classes: 14
Classes: ['ADJ', 'ADP', 'ADV', 'AUX', 'CCONJ', 'DET', 'INTJ', 'NOUN', 'NUM', 'PRON', 'PROPN', 'PUNCT', 'SCONJ', 'VERB']
trainable params: 21,287,438 || all params: 11,787,375,388 || trainable%: 0.1806
Starting training...
{'loss': 2.2687, 'grad_norm': 8.674347877502441, 'learning_rate': 0.00019808510638297873, 'epoch': 0.11}
{'loss': 1.4633, 'grad_norm': 9.235071182250977, 'learning_rate': 0.00019595744680851065, 'epoch': 0.21}
{'loss': 1.2437, 'grad_norm': 5.5587239265441895, 'learning_rate': 0.00019382978723404257, 'epoch': 0.32}
{'loss': 1.0094, 'grad_norm': 5.237766742706299, 'learning_rate': 0.00019170212765957448, 'epoch': 0.43}
{'loss': 0.8953, 'grad_norm': 9.416435241699219, 'learning_rate': 0.0001895744680851064, 'epoch': 0.53}
{'loss': 0.8934, 'grad_norm': 8.94139289855957, 'learning_rate': 0.00018744680851063832, 'epoch': 0.64}
{'loss': 0.8035, 'grad_norm': 6.193252086639404, 'learning_rate': 0.0001853191489361702, 'epoch': 0.74}
{'loss': 0.7104, 'grad_norm': 7.489121437072754, 'learning_rate': 0.00018319148936170215, 'epoch': 0.85}
{'loss': 0.7918, 'grad_norm': 5.1648383140563965, 'learning_rate': 0.00018106382978723404, 'epoch': 0.96}
{'eval_loss': 0.7007853984832764, 'eval_accuracy': 0.771522538208551, 'eval_precision': 0.7328239032128618, 'eval_recall': 0.6530680166440569, 'eval_f1': 0.6780223367231215, 'eval_mean_confidence': 0.7848770022392273, 'eval_mean_uncertainty': 0.666796863079071, 'eval_mean_confidence_gap': 0.6635461449623108, 'eval_runtime': 5.5963, 'eval_samples_per_second': 33.415, 'eval_steps_per_second': 4.289, 'epoch': 1.0}
{'loss': 0.5623, 'grad_norm': 4.68057918548584, 'learning_rate': 0.00017893617021276596, 'epoch': 1.06}
{'loss': 0.6391, 'grad_norm': 4.679872989654541, 'learning_rate': 0.00017680851063829787, 'epoch': 1.17}
{'loss': 0.5887, 'grad_norm': 4.2352614402771, 'learning_rate': 0.0001746808510638298, 'epoch': 1.28}
{'loss': 0.616, 'grad_norm': 8.188618659973145, 'learning_rate': 0.0001725531914893617, 'epoch': 1.38}
{'loss': 0.6574, 'grad_norm': 5.345266819000244, 'learning_rate': 0.00017042553191489362, 'epoch': 1.49}
{'loss': 0.6365, 'grad_norm': 5.063128471374512, 'learning_rate': 0.00016829787234042554, 'epoch': 1.6}
{'loss': 0.5857, 'grad_norm': 5.0959086418151855, 'learning_rate': 0.00016617021276595746, 'epoch': 1.7}
{'loss': 0.6143, 'grad_norm': 4.554670810699463, 'learning_rate': 0.00016404255319148937, 'epoch': 1.81}
{'loss': 0.6236, 'grad_norm': 6.805232524871826, 'learning_rate': 0.0001619148936170213, 'epoch': 1.91}
{'eval_loss': 0.6415650248527527, 'eval_accuracy': 0.7856451924937126, 'eval_precision': 0.7481808346921317, 'eval_recall': 0.6864389248373827, 'eval_f1': 0.6992535979039046, 'eval_mean_confidence': 0.8210085034370422, 'eval_mean_uncertainty': 0.532000720500946, 'eval_mean_confidence_gap': 0.7070363759994507, 'eval_runtime': 5.6364, 'eval_samples_per_second': 33.177, 'eval_steps_per_second': 4.258, 'epoch': 2.0}
{'loss': 0.4997, 'grad_norm': 5.326247692108154, 'learning_rate': 0.0001597872340425532, 'epoch': 2.02}
{'loss': 0.4525, 'grad_norm': 4.721152305603027, 'learning_rate': 0.00015765957446808512, 'epoch': 2.13}
{'loss': 0.4336, 'grad_norm': 3.500760793685913, 'learning_rate': 0.00015553191489361701, 'epoch': 2.23}
{'loss': 0.4393, 'grad_norm': 3.912769079208374, 'learning_rate': 0.00015340425531914896, 'epoch': 2.34}
{'loss': 0.4619, 'grad_norm': 3.8219716548919678, 'learning_rate': 0.00015127659574468085, 'epoch': 2.45}
{'loss': 0.4152, 'grad_norm': 4.131469249725342, 'learning_rate': 0.00014914893617021276, 'epoch': 2.55}
{'loss': 0.5014, 'grad_norm': 3.9170119762420654, 'learning_rate': 0.00014702127659574468, 'epoch': 2.66}
{'loss': 0.4654, 'grad_norm': 4.948569297790527, 'learning_rate': 0.0001448936170212766, 'epoch': 2.77}
{'loss': 0.51, 'grad_norm': 4.70999002456665, 'learning_rate': 0.00014276595744680851, 'epoch': 2.87}
{'loss': 0.4771, 'grad_norm': 6.9858574867248535, 'learning_rate': 0.00014063829787234043, 'epoch': 2.98}
{'eval_loss': 0.6154745817184448, 'eval_accuracy': 0.7984136196556394, 'eval_precision': 0.7281383525399322, 'eval_recall': 0.7153897207467257, 'eval_f1': 0.7155272531774785, 'eval_mean_confidence': 0.8478675484657288, 'eval_mean_uncertainty': 0.45179513096809387, 'eval_mean_confidence_gap': 0.7488945722579956, 'eval_runtime': 7.1653, 'eval_samples_per_second': 26.098, 'eval_steps_per_second': 3.349, 'epoch': 3.0}
{'loss': 0.3026, 'grad_norm': 3.652946949005127, 'learning_rate': 0.00013851063829787235, 'epoch': 3.09}
{'loss': 0.2926, 'grad_norm': 4.545980453491211, 'learning_rate': 0.00013638297872340427, 'epoch': 3.19}
{'loss': 0.2762, 'grad_norm': 4.516232967376709, 'learning_rate': 0.00013425531914893618, 'epoch': 3.3}
{'loss': 0.2716, 'grad_norm': 3.9213178157806396, 'learning_rate': 0.0001321276595744681, 'epoch': 3.4}
{'loss': 0.2948, 'grad_norm': 3.768383502960205, 'learning_rate': 0.00013000000000000002, 'epoch': 3.51}
{'loss': 0.2822, 'grad_norm': 8.337597846984863, 'learning_rate': 0.0001278723404255319, 'epoch': 3.62}
{'loss': 0.2989, 'grad_norm': 5.517771244049072, 'learning_rate': 0.00012574468085106382, 'epoch': 3.72}
{'loss': 0.2719, 'grad_norm': 4.570138454437256, 'learning_rate': 0.00012361702127659577, 'epoch': 3.83}
{'loss': 0.2755, 'grad_norm': 4.434199810028076, 'learning_rate': 0.00012148936170212766, 'epoch': 3.94}
{'eval_loss': 0.6948529481887817, 'eval_accuracy': 0.7866124975817372, 'eval_precision': 0.7175559025311753, 'eval_recall': 0.7147701105614042, 'eval_f1': 0.7127645925642103, 'eval_mean_confidence': 0.8720142245292664, 'eval_mean_uncertainty': 0.36256375908851624, 'eval_mean_confidence_gap': 0.7831021547317505, 'eval_runtime': 5.7278, 'eval_samples_per_second': 32.648, 'eval_steps_per_second': 4.19, 'epoch': 4.0}
{'loss': 0.2299, 'grad_norm': 4.886190414428711, 'learning_rate': 0.00011936170212765959, 'epoch': 4.04}
{'loss': 0.1306, 'grad_norm': 4.361081600189209, 'learning_rate': 0.0001172340425531915, 'epoch': 4.15}
{'loss': 0.1333, 'grad_norm': 4.494902610778809, 'learning_rate': 0.0001151063829787234, 'epoch': 4.26}
{'loss': 0.1232, 'grad_norm': 5.251403331756592, 'learning_rate': 0.00011297872340425532, 'epoch': 4.36}
{'loss': 0.1438, 'grad_norm': 3.904414415359497, 'learning_rate': 0.00011085106382978725, 'epoch': 4.47}
{'loss': 0.169, 'grad_norm': 4.058141708374023, 'learning_rate': 0.00010872340425531916, 'epoch': 4.57}
{'loss': 0.1669, 'grad_norm': 4.18734073638916, 'learning_rate': 0.00010659574468085107, 'epoch': 4.68}
{'loss': 0.1302, 'grad_norm': 3.8216280937194824, 'learning_rate': 0.00010446808510638298, 'epoch': 4.79}
{'loss': 0.1652, 'grad_norm': 4.590518474578857, 'learning_rate': 0.0001023404255319149, 'epoch': 4.89}
{'loss': 0.1489, 'grad_norm': 8.563928604125977, 'learning_rate': 0.00010021276595744682, 'epoch': 5.0}
{'eval_loss': 0.8405330777168274, 'eval_accuracy': 0.79570516540917, 'eval_precision': 0.7233390675359218, 'eval_recall': 0.7247650059173883, 'eval_f1': 0.7229934366331181, 'eval_mean_confidence': 0.9094410538673401, 'eval_mean_uncertainty': 0.24986988306045532, 'eval_mean_confidence_gap': 0.842258632183075, 'eval_runtime': 5.6309, 'eval_samples_per_second': 33.209, 'eval_steps_per_second': 4.262, 'epoch': 5.0}
{'loss': 0.0754, 'grad_norm': 4.461059093475342, 'learning_rate': 9.808510638297873e-05, 'epoch': 5.11}
{'loss': 0.0766, 'grad_norm': 3.853567123413086, 'learning_rate': 9.595744680851064e-05, 'epoch': 5.21}
{'loss': 0.0796, 'grad_norm': 1.802186369895935, 'learning_rate': 9.382978723404256e-05, 'epoch': 5.32}
{'loss': 0.0775, 'grad_norm': 4.046789169311523, 'learning_rate': 9.170212765957448e-05, 'epoch': 5.43}
{'loss': 0.069, 'grad_norm': 5.056539535522461, 'learning_rate': 8.95744680851064e-05, 'epoch': 5.53}
{'loss': 0.0749, 'grad_norm': 5.642541408538818, 'learning_rate': 8.74468085106383e-05, 'epoch': 5.64}
{'loss': 0.0534, 'grad_norm': 3.6544711589813232, 'learning_rate': 8.531914893617021e-05, 'epoch': 5.74}
{'loss': 0.0909, 'grad_norm': 7.344098091125488, 'learning_rate': 8.319148936170213e-05, 'epoch': 5.85}
{'loss': 0.073, 'grad_norm': 2.516724109649658, 'learning_rate': 8.106382978723405e-05, 'epoch': 5.96}
{'eval_loss': 1.2302807569503784, 'eval_accuracy': 0.79570516540917, 'eval_precision': 0.7231958400612845, 'eval_recall': 0.7278815650912662, 'eval_f1': 0.7237193714241706, 'eval_mean_confidence': 0.9414293169975281, 'eval_mean_uncertainty': 0.15029077231884003, 'eval_mean_confidence_gap': 0.8937364220619202, 'eval_runtime': 5.7685, 'eval_samples_per_second': 32.417, 'eval_steps_per_second': 4.16, 'epoch': 6.0}
{'loss': 0.0536, 'grad_norm': 2.9927659034729004, 'learning_rate': 7.893617021276596e-05, 'epoch': 6.06}
{'loss': 0.0228, 'grad_norm': 1.0266448259353638, 'learning_rate': 7.680851063829788e-05, 'epoch': 6.17}
{'loss': 0.0379, 'grad_norm': 5.82465934753418, 'learning_rate': 7.46808510638298e-05, 'epoch': 6.28}
{'loss': 0.0474, 'grad_norm': 2.156811237335205, 'learning_rate': 7.25531914893617e-05, 'epoch': 6.38}
{'loss': 0.0396, 'grad_norm': 2.9698526859283447, 'learning_rate': 7.042553191489362e-05, 'epoch': 6.49}
{'loss': 0.0439, 'grad_norm': 7.365874290466309, 'learning_rate': 6.829787234042554e-05, 'epoch': 6.6}
{'loss': 0.04, 'grad_norm': 0.6881231665611267, 'learning_rate': 6.617021276595745e-05, 'epoch': 6.7}
{'loss': 0.0291, 'grad_norm': 2.198291540145874, 'learning_rate': 6.404255319148937e-05, 'epoch': 6.81}
{'loss': 0.0491, 'grad_norm': 2.0326616764068604, 'learning_rate': 6.191489361702127e-05, 'epoch': 6.91}
{'eval_loss': 1.5564839839935303, 'eval_accuracy': 0.7966724704971948, 'eval_precision': 0.7221288432628159, 'eval_recall': 0.7191721480550097, 'eval_f1': 0.7200308159179983, 'eval_mean_confidence': 0.9556763768196106, 'eval_mean_uncertainty': 0.11500638723373413, 'eval_mean_confidence_gap': 0.9187553524971008, 'eval_runtime': 6.9053, 'eval_samples_per_second': 27.08, 'eval_steps_per_second': 3.476, 'epoch': 7.0}
{'loss': 0.0439, 'grad_norm': 2.6764185428619385, 'learning_rate': 5.9787234042553196e-05, 'epoch': 7.02}
{'loss': 0.0292, 'grad_norm': 3.5927014350891113, 'learning_rate': 5.7659574468085106e-05, 'epoch': 7.13}
{'loss': 0.0253, 'grad_norm': 3.244321823120117, 'learning_rate': 5.553191489361702e-05, 'epoch': 7.23}
{'loss': 0.0211, 'grad_norm': 1.9192026853561401, 'learning_rate': 5.3404255319148946e-05, 'epoch': 7.34}
{'loss': 0.0151, 'grad_norm': 1.0377392768859863, 'learning_rate': 5.1276595744680856e-05, 'epoch': 7.45}
{'loss': 0.0352, 'grad_norm': 1.0418872833251953, 'learning_rate': 4.9148936170212766e-05, 'epoch': 7.55}
{'loss': 0.025, 'grad_norm': 4.512714385986328, 'learning_rate': 4.702127659574468e-05, 'epoch': 7.66}
{'loss': 0.019, 'grad_norm': 1.34622323513031, 'learning_rate': 4.489361702127659e-05, 'epoch': 7.77}
{'loss': 0.0318, 'grad_norm': 2.8159608840942383, 'learning_rate': 4.276595744680851e-05, 'epoch': 7.87}
{'loss': 0.0291, 'grad_norm': 1.483196496963501, 'learning_rate': 4.063829787234043e-05, 'epoch': 7.98}
{'eval_loss': 1.675551414489746, 'eval_accuracy': 0.7988005416908492, 'eval_precision': 0.7277878497461023, 'eval_recall': 0.7216325581977625, 'eval_f1': 0.7243592751390633, 'eval_mean_confidence': 0.9614161252975464, 'eval_mean_uncertainty': 0.1011560708284378, 'eval_mean_confidence_gap': 0.9290540218353271, 'eval_runtime': 5.7549, 'eval_samples_per_second': 32.494, 'eval_steps_per_second': 4.17, 'epoch': 8.0}
{'loss': 0.0338, 'grad_norm': 0.24260683357715607, 'learning_rate': 3.8510638297872344e-05, 'epoch': 8.09}
{'loss': 0.0201, 'grad_norm': 0.9429962038993835, 'learning_rate': 3.638297872340426e-05, 'epoch': 8.19}
{'loss': 0.0165, 'grad_norm': 0.9486891627311707, 'learning_rate': 3.425531914893617e-05, 'epoch': 8.3}
{'loss': 0.0294, 'grad_norm': 1.001535415649414, 'learning_rate': 3.212765957446809e-05, 'epoch': 8.4}
{'loss': 0.0246, 'grad_norm': 0.6068357825279236, 'learning_rate': 3e-05, 'epoch': 8.51}
{'loss': 0.024, 'grad_norm': 2.2021372318267822, 'learning_rate': 2.7872340425531918e-05, 'epoch': 8.62}
{'loss': 0.0187, 'grad_norm': 2.4082672595977783, 'learning_rate': 2.574468085106383e-05, 'epoch': 8.72}
{'loss': 0.016, 'grad_norm': 1.7891415357589722, 'learning_rate': 2.3617021276595748e-05, 'epoch': 8.83}
{'loss': 0.0142, 'grad_norm': 2.1438326835632324, 'learning_rate': 2.148936170212766e-05, 'epoch': 8.94}
{'eval_loss': 1.8105782270431519, 'eval_accuracy': 0.8009286128845038, 'eval_precision': 0.7337662887218788, 'eval_recall': 0.724831779437689, 'eval_f1': 0.728615385729905, 'eval_mean_confidence': 0.9633374214172363, 'eval_mean_uncertainty': 0.09357160329818726, 'eval_mean_confidence_gap': 0.9320769309997559, 'eval_runtime': 6.7334, 'eval_samples_per_second': 27.772, 'eval_steps_per_second': 3.564, 'epoch': 9.0}
{'loss': 0.009, 'grad_norm': 0.27079468965530396, 'learning_rate': 1.9361702127659575e-05, 'epoch': 9.04}
{'loss': 0.019, 'grad_norm': 1.0096718072891235, 'learning_rate': 1.723404255319149e-05, 'epoch': 9.15}
{'loss': 0.0114, 'grad_norm': 0.44173750281333923, 'learning_rate': 1.5106382978723405e-05, 'epoch': 9.26}
{'loss': 0.0208, 'grad_norm': 0.41557836532592773, 'learning_rate': 1.2978723404255318e-05, 'epoch': 9.36}
{'loss': 0.0122, 'grad_norm': 1.4182685613632202, 'learning_rate': 1.0851063829787235e-05, 'epoch': 9.47}
{'loss': 0.0177, 'grad_norm': 0.6570338606834412, 'learning_rate': 8.72340425531915e-06, 'epoch': 9.57}
{'loss': 0.0106, 'grad_norm': 0.6647585034370422, 'learning_rate': 6.595744680851064e-06, 'epoch': 9.68}
{'loss': 0.0176, 'grad_norm': 0.4793590307235718, 'learning_rate': 4.468085106382979e-06, 'epoch': 9.79}
{'loss': 0.0123, 'grad_norm': 0.5473647117614746, 'learning_rate': 2.3404255319148935e-06, 'epoch': 9.89}
{'loss': 0.0194, 'grad_norm': 0.00602438161149621, 'learning_rate': 2.1276595744680852e-07, 'epoch': 10.0}
{'eval_loss': 1.8536931276321411, 'eval_accuracy': 0.800154768814084, 'eval_precision': 0.7309922426436078, 'eval_recall': 0.7220299710200068, 'eval_f1': 0.7255179009928209, 'eval_mean_confidence': 0.9654092192649841, 'eval_mean_uncertainty': 0.08899597823619843, 'eval_mean_confidence_gap': 0.9356842041015625, 'eval_runtime': 5.6062, 'eval_samples_per_second': 33.356, 'eval_steps_per_second': 4.281, 'epoch': 10.0}
{'train_runtime': 336.3413, 'train_samples_per_second': 22.15, 'train_steps_per_second': 2.795, 'train_loss': 0.27683404252884236, 'epoch': 10.0}
Starting evaluation...

Classification Report
==================================================
              precision    recall  f1-score   support

         ADJ     0.7309    0.6935    0.7117       372
         ADP     0.8585    0.9151    0.8859       577
         ADV     0.7425    0.6092    0.6692       284
         AUX     0.5379    0.5338    0.5358       133
       CCONJ     0.8561    0.8775    0.8667       400
         DET     0.8889    0.9107    0.8997       448
        INTJ     0.0000    0.0000    0.0000         0
        NOUN     0.8352    0.8212    0.8281      1018
         NUM     0.9444    0.8947    0.9189        57
        PRON     0.7706    0.7570    0.7638       568
       PROPN     0.7784    0.7879    0.7831       165
       PUNCT     1.0000    1.0000    1.0000       160
       SCONJ     0.5882    0.5714    0.5797       105
        VERB     0.7411    0.7755    0.7579       882

    accuracy                         0.8009      5169
   macro avg     0.7338    0.7248    0.7286      5169
weighted avg     0.8001    0.8009    0.7999      5169


Uncertainty Measures:
Mean Confidence: 0.9633
Mean Uncertainty (Entropy): 0.0936
Mean Confidence Gap: 0.9321
Training and evaluation completed!
