Number of classes: 12
Classes: ['ADJ', 'ADP', 'ADV', 'AUX', 'CCONJ', 'DET', 'NOUN', 'NUM', 'PRON', 'PROPN', 'PUNCT', 'VERB']
trainable params: 21,279,756 || all params: 11,787,360,024 || trainable%: 0.1805
Starting training...
{'loss': 1.9992, 'grad_norm': 8.58250904083252, 'learning_rate': 0.00018363636363636366, 'epoch': 0.91}
{'eval_loss': 1.15625, 'eval_accuracy': 0.652073732718894, 'eval_precision': 0.4478629424579185, 'eval_recall': 0.4403771894383184, 'eval_f1': 0.4248626230915584, 'eval_mean_confidence': 0.5959929823875427, 'eval_mean_uncertainty': 1.2642097473144531, 'eval_mean_confidence_gap': 0.4464786946773529, 'eval_runtime': 0.6289, 'eval_samples_per_second': 33.391, 'eval_steps_per_second': 4.77, 'epoch': 1.0}
{'loss': 0.884, 'grad_norm': 7.277523994445801, 'learning_rate': 0.00016545454545454545, 'epoch': 1.82}
{'eval_loss': 0.6843377947807312, 'eval_accuracy': 0.8018433179723502, 'eval_precision': 0.7397007994342905, 'eval_recall': 0.6604619963713283, 'eval_f1': 0.6744604459518254, 'eval_mean_confidence': 0.7844487428665161, 'eval_mean_uncertainty': 0.6429270505905151, 'eval_mean_confidence_gap': 0.684162974357605, 'eval_runtime': 0.5455, 'eval_samples_per_second': 38.499, 'eval_steps_per_second': 5.5, 'epoch': 2.0}
{'loss': 0.4549, 'grad_norm': 4.711682319641113, 'learning_rate': 0.00014727272727272728, 'epoch': 2.73}
{'eval_loss': 0.5520833134651184, 'eval_accuracy': 0.8248847926267281, 'eval_precision': 0.8290686252325833, 'eval_recall': 0.6845114641210875, 'eval_f1': 0.7006703333567087, 'eval_mean_confidence': 0.8211137652397156, 'eval_mean_uncertainty': 0.5335634350776672, 'eval_mean_confidence_gap': 0.7205429673194885, 'eval_runtime': 0.5531, 'eval_samples_per_second': 37.965, 'eval_steps_per_second': 5.424, 'epoch': 3.0}
{'loss': 0.2671, 'grad_norm': 4.548341751098633, 'learning_rate': 0.0001290909090909091, 'epoch': 3.64}
{'eval_loss': 0.6806175708770752, 'eval_accuracy': 0.815668202764977, 'eval_precision': 0.7456159617012329, 'eval_recall': 0.694298788351457, 'eval_f1': 0.7129848999760021, 'eval_mean_confidence': 0.893066942691803, 'eval_mean_uncertainty': 0.30933678150177, 'eval_mean_confidence_gap': 0.8239122629165649, 'eval_runtime': 0.542, 'eval_samples_per_second': 38.747, 'eval_steps_per_second': 5.535, 'epoch': 4.0}
{'loss': 0.1793, 'grad_norm': 2.4593265056610107, 'learning_rate': 0.00011090909090909092, 'epoch': 4.55}
{'eval_loss': 0.761346697807312, 'eval_accuracy': 0.8410138248847926, 'eval_precision': 0.7666845706443853, 'eval_recall': 0.7116952136371543, 'eval_f1': 0.7251622604655266, 'eval_mean_confidence': 0.9249292612075806, 'eval_mean_uncertainty': 0.20613935589790344, 'eval_mean_confidence_gap': 0.8727110624313354, 'eval_runtime': 0.5464, 'eval_samples_per_second': 38.431, 'eval_steps_per_second': 5.49, 'epoch': 5.0}
{'loss': 0.0414, 'grad_norm': 1.3481695652008057, 'learning_rate': 9.272727272727273e-05, 'epoch': 5.45}
{'eval_loss': 0.84375, 'eval_accuracy': 0.836405529953917, 'eval_precision': 0.7793164529791942, 'eval_recall': 0.7707173242720257, 'eval_f1': 0.7655414950205598, 'eval_mean_confidence': 0.9335076212882996, 'eval_mean_uncertainty': 0.17972831428050995, 'eval_mean_confidence_gap': 0.8861697316169739, 'eval_runtime': 0.5618, 'eval_samples_per_second': 37.381, 'eval_steps_per_second': 5.34, 'epoch': 6.0}
{'loss': 0.0199, 'grad_norm': 1.029821753501892, 'learning_rate': 7.454545454545455e-05, 'epoch': 6.36}
{'eval_loss': 0.9155505895614624, 'eval_accuracy': 0.8387096774193549, 'eval_precision': 0.7724628598852937, 'eval_recall': 0.7512572619765975, 'eval_f1': 0.7569221661346496, 'eval_mean_confidence': 0.9509154558181763, 'eval_mean_uncertainty': 0.13221067190170288, 'eval_mean_confidence_gap': 0.9125584959983826, 'eval_runtime': 0.5591, 'eval_samples_per_second': 37.559, 'eval_steps_per_second': 5.366, 'epoch': 7.0}
{'loss': 0.0097, 'grad_norm': 0.2024649679660797, 'learning_rate': 5.636363636363636e-05, 'epoch': 7.27}
{'eval_loss': 0.9977678656578064, 'eval_accuracy': 0.8202764976958525, 'eval_precision': 0.7514452451374479, 'eval_recall': 0.729560547444517, 'eval_f1': 0.7355708596741243, 'eval_mean_confidence': 0.9548488259315491, 'eval_mean_uncertainty': 0.11866266280412674, 'eval_mean_confidence_gap': 0.9180546998977661, 'eval_runtime': 0.5121, 'eval_samples_per_second': 41.007, 'eval_steps_per_second': 5.858, 'epoch': 8.0}
{'loss': 0.0021, 'grad_norm': 0.12399926036596298, 'learning_rate': 3.818181818181819e-05, 'epoch': 8.18}
{'eval_loss': 1.0338541269302368, 'eval_accuracy': 0.836405529953917, 'eval_precision': 0.7643297459245283, 'eval_recall': 0.7356639131769479, 'eval_f1': 0.7454900855120502, 'eval_mean_confidence': 0.9541988968849182, 'eval_mean_uncertainty': 0.11972489207983017, 'eval_mean_confidence_gap': 0.916262149810791, 'eval_runtime': 0.5336, 'eval_samples_per_second': 39.355, 'eval_steps_per_second': 5.622, 'epoch': 9.0}
{'loss': 0.0015, 'grad_norm': 0.059339698404073715, 'learning_rate': 2e-05, 'epoch': 9.09}
{'loss': 0.0015, 'grad_norm': 0.0955289676785469, 'learning_rate': 1.818181818181818e-06, 'epoch': 10.0}
{'eval_loss': 1.0409226417541504, 'eval_accuracy': 0.8271889400921659, 'eval_precision': 0.7584185451308864, 'eval_recall': 0.7273638229022198, 'eval_f1': 0.7382511274232382, 'eval_mean_confidence': 0.955991268157959, 'eval_mean_uncertainty': 0.11688416451215744, 'eval_mean_confidence_gap': 0.9194422960281372, 'eval_runtime': 0.5049, 'eval_samples_per_second': 41.592, 'eval_steps_per_second': 5.942, 'epoch': 10.0}
{'train_runtime': 47.3352, 'train_samples_per_second': 17.112, 'train_steps_per_second': 2.324, 'train_loss': 0.3509600986133922, 'epoch': 10.0}
Starting evaluation...

Classification Report
==================================================
              precision    recall  f1-score   support

         ADJ     0.5263    0.6250    0.5714        16
         ADP     0.8923    0.9206    0.9062        63
         ADV     0.5484    0.7727    0.6415        22
         AUX     0.3333    0.5000    0.4000         6
       CCONJ     0.9130    0.9130    0.9130        46
         DET     0.7879    0.7429    0.7647        35
        NOUN     0.9014    0.8889    0.8951        72
         NUM     0.8333    0.8333    0.8333         6
        PRON     0.8000    0.8780    0.8372        41
       PROPN     1.0000    0.6000    0.7500         5
       PUNCT     1.0000    1.0000    1.0000        68
        VERB     0.8158    0.5741    0.6739        54

    accuracy                         0.8364       434
   macro avg     0.7793    0.7707    0.7655       434
weighted avg     0.8480    0.8364    0.8374       434


Uncertainty Measures:
Mean Confidence: 0.9335
Mean Uncertainty (Entropy): 0.1797
Mean Confidence Gap: 0.8862
Training and evaluation completed!
