Number of classes: 17
Classes: ['ADJ', 'ADP', 'ADV', 'AUX', 'CCONJ', 'DET', 'INTJ', 'NOUN', 'NUM', 'PART', 'PRON', 'PROPN', 'PUNCT', 'SCONJ', 'SYM', 'VERB', 'X']
trainable params: 21,298,961 || all params: 11,787,398,434 || trainable%: 0.1807
Starting training...
{'loss': 2.3914, 'grad_norm': 7.680947303771973, 'learning_rate': 0.0001993814432989691, 'epoch': 0.03}
{'loss': 1.3945, 'grad_norm': 8.135480880737305, 'learning_rate': 0.0001986941580756014, 'epoch': 0.07}
{'loss': 1.0316, 'grad_norm': 6.828430652618408, 'learning_rate': 0.0001980068728522337, 'epoch': 0.1}
{'loss': 0.9445, 'grad_norm': 6.882597923278809, 'learning_rate': 0.000197319587628866, 'epoch': 0.14}
{'loss': 0.7937, 'grad_norm': 3.9228503704071045, 'learning_rate': 0.0001966323024054983, 'epoch': 0.17}
{'loss': 0.6039, 'grad_norm': 7.341033458709717, 'learning_rate': 0.00019594501718213058, 'epoch': 0.21}
{'loss': 0.6402, 'grad_norm': 7.134687900543213, 'learning_rate': 0.0001952577319587629, 'epoch': 0.24}
{'loss': 0.5631, 'grad_norm': 3.850616693496704, 'learning_rate': 0.0001945704467353952, 'epoch': 0.27}
{'loss': 0.5762, 'grad_norm': 5.959956169128418, 'learning_rate': 0.0001938831615120275, 'epoch': 0.31}
{'loss': 0.6461, 'grad_norm': 4.221705913543701, 'learning_rate': 0.0001931958762886598, 'epoch': 0.34}
{'loss': 0.5555, 'grad_norm': 3.9994421005249023, 'learning_rate': 0.00019250859106529212, 'epoch': 0.38}
{'loss': 0.4881, 'grad_norm': 4.297184944152832, 'learning_rate': 0.0001918213058419244, 'epoch': 0.41}
{'loss': 0.5713, 'grad_norm': 4.277591228485107, 'learning_rate': 0.00019113402061855672, 'epoch': 0.45}
{'loss': 0.4957, 'grad_norm': 5.245357513427734, 'learning_rate': 0.000190446735395189, 'epoch': 0.48}
{'loss': 0.5131, 'grad_norm': 3.59793758392334, 'learning_rate': 0.0001897594501718213, 'epoch': 0.52}
{'loss': 0.4645, 'grad_norm': 3.3506369590759277, 'learning_rate': 0.0001890721649484536, 'epoch': 0.55}
{'loss': 0.4326, 'grad_norm': 6.775378704071045, 'learning_rate': 0.00018838487972508593, 'epoch': 0.58}
{'loss': 0.4521, 'grad_norm': 4.639798164367676, 'learning_rate': 0.00018769759450171821, 'epoch': 0.62}
{'loss': 0.3684, 'grad_norm': 6.003824710845947, 'learning_rate': 0.00018701030927835053, 'epoch': 0.65}
{'loss': 0.4527, 'grad_norm': 4.029356956481934, 'learning_rate': 0.00018632302405498284, 'epoch': 0.69}
{'loss': 0.4969, 'grad_norm': 3.2454800605773926, 'learning_rate': 0.00018563573883161513, 'epoch': 0.72}
{'loss': 0.4918, 'grad_norm': 3.493098497390747, 'learning_rate': 0.00018494845360824745, 'epoch': 0.76}
{'loss': 0.342, 'grad_norm': 3.5136170387268066, 'learning_rate': 0.00018426116838487973, 'epoch': 0.79}
{'loss': 0.3728, 'grad_norm': 4.273478031158447, 'learning_rate': 0.00018357388316151202, 'epoch': 0.82}
{'loss': 0.4481, 'grad_norm': 3.633901596069336, 'learning_rate': 0.00018288659793814433, 'epoch': 0.86}
{'loss': 0.4314, 'grad_norm': 4.892878532409668, 'learning_rate': 0.00018219931271477665, 'epoch': 0.89}
{'loss': 0.3947, 'grad_norm': 3.3594045639038086, 'learning_rate': 0.00018151202749140894, 'epoch': 0.93}
{'loss': 0.4084, 'grad_norm': 2.523852825164795, 'learning_rate': 0.00018082474226804125, 'epoch': 0.96}
{'loss': 0.4093, 'grad_norm': 2.7108750343322754, 'learning_rate': 0.00018013745704467356, 'epoch': 1.0}
{'eval_loss': 0.3700936436653137, 'eval_accuracy': 0.8732122770367989, 'eval_precision': 0.8259102488254424, 'eval_recall': 0.7439136721705625, 'eval_f1': 0.7543734820652997, 'eval_mean_confidence': 0.8828459978103638, 'eval_mean_uncertainty': 0.3596356511116028, 'eval_mean_confidence_gap': 0.8099300265312195, 'eval_runtime': 34.7019, 'eval_samples_per_second': 16.743, 'eval_steps_per_second': 2.104, 'epoch': 1.0}
{'loss': 0.383, 'grad_norm': 2.4028642177581787, 'learning_rate': 0.00017945017182130585, 'epoch': 1.03}
{'loss': 0.3459, 'grad_norm': 2.9339754581451416, 'learning_rate': 0.00017876288659793817, 'epoch': 1.07}
{'loss': 0.3139, 'grad_norm': 3.3646368980407715, 'learning_rate': 0.00017807560137457045, 'epoch': 1.1}
{'loss': 0.3984, 'grad_norm': 2.8161494731903076, 'learning_rate': 0.00017738831615120274, 'epoch': 1.13}
{'loss': 0.3845, 'grad_norm': 1.8064569234848022, 'learning_rate': 0.00017670103092783506, 'epoch': 1.17}
{'loss': 0.3601, 'grad_norm': 3.70487117767334, 'learning_rate': 0.00017601374570446737, 'epoch': 1.2}
{'loss': 0.3291, 'grad_norm': 3.720580816268921, 'learning_rate': 0.00017532646048109966, 'epoch': 1.24}
{'loss': 0.3707, 'grad_norm': 4.1563920974731445, 'learning_rate': 0.00017463917525773197, 'epoch': 1.27}
{'loss': 0.4197, 'grad_norm': 5.181318283081055, 'learning_rate': 0.00017395189003436429, 'epoch': 1.31}
{'loss': 0.2938, 'grad_norm': 3.071568489074707, 'learning_rate': 0.00017326460481099657, 'epoch': 1.34}
{'loss': 0.3396, 'grad_norm': 3.318882465362549, 'learning_rate': 0.0001725773195876289, 'epoch': 1.37}
{'loss': 0.3273, 'grad_norm': 2.144653081893921, 'learning_rate': 0.00017189003436426117, 'epoch': 1.41}
{'loss': 0.422, 'grad_norm': 2.8111815452575684, 'learning_rate': 0.00017120274914089346, 'epoch': 1.44}
{'loss': 0.3514, 'grad_norm': 3.2473268508911133, 'learning_rate': 0.00017051546391752578, 'epoch': 1.48}
{'loss': 0.3438, 'grad_norm': 4.517991065979004, 'learning_rate': 0.0001698281786941581, 'epoch': 1.51}
{'loss': 0.347, 'grad_norm': 4.047019004821777, 'learning_rate': 0.00016914089347079038, 'epoch': 1.55}
{'loss': 0.2964, 'grad_norm': 3.441108226776123, 'learning_rate': 0.0001684536082474227, 'epoch': 1.58}
{'loss': 0.3897, 'grad_norm': 4.665538787841797, 'learning_rate': 0.000167766323024055, 'epoch': 1.62}
{'loss': 0.338, 'grad_norm': 3.212906837463379, 'learning_rate': 0.0001670790378006873, 'epoch': 1.65}
{'loss': 0.3214, 'grad_norm': 3.352092742919922, 'learning_rate': 0.0001663917525773196, 'epoch': 1.68}
{'loss': 0.3067, 'grad_norm': 3.5692176818847656, 'learning_rate': 0.0001657044673539519, 'epoch': 1.72}
{'loss': 0.3012, 'grad_norm': 3.768383502960205, 'learning_rate': 0.00016501718213058418, 'epoch': 1.75}
{'loss': 0.2791, 'grad_norm': 1.9578129053115845, 'learning_rate': 0.0001643298969072165, 'epoch': 1.79}
{'loss': 0.3379, 'grad_norm': 2.123056650161743, 'learning_rate': 0.0001636426116838488, 'epoch': 1.82}
{'loss': 0.2775, 'grad_norm': 3.1696178913116455, 'learning_rate': 0.0001629553264604811, 'epoch': 1.86}
{'loss': 0.3297, 'grad_norm': 4.145585060119629, 'learning_rate': 0.00016226804123711341, 'epoch': 1.89}
{'loss': 0.3407, 'grad_norm': 4.252446174621582, 'learning_rate': 0.00016158075601374573, 'epoch': 1.92}
{'loss': 0.3657, 'grad_norm': 2.718564033508301, 'learning_rate': 0.00016089347079037802, 'epoch': 1.96}
{'loss': 0.3371, 'grad_norm': 4.272843837738037, 'learning_rate': 0.00016020618556701033, 'epoch': 1.99}
{'eval_loss': 0.3361005485057831, 'eval_accuracy': 0.8866034602817505, 'eval_precision': 0.8457921427869275, 'eval_recall': 0.7953214654704783, 'eval_f1': 0.8150202480593335, 'eval_mean_confidence': 0.9060418009757996, 'eval_mean_uncertainty': 0.2856892943382263, 'eval_mean_confidence_gap': 0.8437895178794861, 'eval_runtime': 36.2127, 'eval_samples_per_second': 16.044, 'eval_steps_per_second': 2.016, 'epoch': 2.0}
{'loss': 0.2381, 'grad_norm': 2.571474313735962, 'learning_rate': 0.00015951890034364262, 'epoch': 2.03}
{'loss': 0.2408, 'grad_norm': 2.3237905502319336, 'learning_rate': 0.0001588316151202749, 'epoch': 2.06}
{'loss': 0.1767, 'grad_norm': 3.1037979125976562, 'learning_rate': 0.00015814432989690722, 'epoch': 2.1}
{'loss': 0.1789, 'grad_norm': 2.8455584049224854, 'learning_rate': 0.00015745704467353953, 'epoch': 2.13}
{'loss': 0.2449, 'grad_norm': 1.9594318866729736, 'learning_rate': 0.00015676975945017182, 'epoch': 2.16}
{'loss': 0.2646, 'grad_norm': 2.1241707801818848, 'learning_rate': 0.00015608247422680413, 'epoch': 2.2}
{'loss': 0.2416, 'grad_norm': 1.4987238645553589, 'learning_rate': 0.00015539518900343645, 'epoch': 2.23}
{'loss': 0.2192, 'grad_norm': 3.4967215061187744, 'learning_rate': 0.00015470790378006874, 'epoch': 2.27}
{'loss': 0.2427, 'grad_norm': 4.1107892990112305, 'learning_rate': 0.00015402061855670105, 'epoch': 2.3}
{'loss': 0.1883, 'grad_norm': 2.9875247478485107, 'learning_rate': 0.00015333333333333334, 'epoch': 2.34}
{'loss': 0.2739, 'grad_norm': 2.915572166442871, 'learning_rate': 0.00015264604810996563, 'epoch': 2.37}
{'loss': 0.2827, 'grad_norm': 3.3648507595062256, 'learning_rate': 0.00015195876288659794, 'epoch': 2.41}
{'loss': 0.2954, 'grad_norm': 3.012659788131714, 'learning_rate': 0.00015127147766323025, 'epoch': 2.44}
{'loss': 0.2462, 'grad_norm': 2.503584861755371, 'learning_rate': 0.00015058419243986254, 'epoch': 2.47}
{'loss': 0.2955, 'grad_norm': 1.8971972465515137, 'learning_rate': 0.00014989690721649486, 'epoch': 2.51}
{'loss': 0.1952, 'grad_norm': 2.2571215629577637, 'learning_rate': 0.00014920962199312717, 'epoch': 2.54}
{'loss': 0.2309, 'grad_norm': 3.016944408416748, 'learning_rate': 0.00014852233676975946, 'epoch': 2.58}
{'loss': 0.2383, 'grad_norm': 2.9539480209350586, 'learning_rate': 0.00014783505154639177, 'epoch': 2.61}
{'loss': 0.2516, 'grad_norm': 2.206240177154541, 'learning_rate': 0.00014714776632302406, 'epoch': 2.65}
{'loss': 0.2538, 'grad_norm': 3.120861768722534, 'learning_rate': 0.00014646048109965635, 'epoch': 2.68}
{'loss': 0.2841, 'grad_norm': 2.8450636863708496, 'learning_rate': 0.00014577319587628866, 'epoch': 2.71}
{'loss': 0.2984, 'grad_norm': 2.133089065551758, 'learning_rate': 0.00014508591065292098, 'epoch': 2.75}
{'loss': 0.2615, 'grad_norm': 2.199097156524658, 'learning_rate': 0.00014439862542955326, 'epoch': 2.78}
{'loss': 0.2836, 'grad_norm': 2.5441370010375977, 'learning_rate': 0.00014371134020618558, 'epoch': 2.82}
{'loss': 0.2548, 'grad_norm': 2.8492374420166016, 'learning_rate': 0.0001430240549828179, 'epoch': 2.85}
{'loss': 0.2986, 'grad_norm': 3.9149210453033447, 'learning_rate': 0.00014233676975945018, 'epoch': 2.89}
{'loss': 0.2669, 'grad_norm': 2.753674030303955, 'learning_rate': 0.0001416494845360825, 'epoch': 2.92}
{'loss': 0.2363, 'grad_norm': 2.600520610809326, 'learning_rate': 0.00014096219931271478, 'epoch': 2.96}
{'loss': 0.2305, 'grad_norm': 2.7351977825164795, 'learning_rate': 0.00014027491408934707, 'epoch': 2.99}
{'eval_loss': 0.3340062201023102, 'eval_accuracy': 0.8901922973913975, 'eval_precision': 0.8573233169220762, 'eval_recall': 0.8227111300970541, 'eval_f1': 0.8359056607467208, 'eval_mean_confidence': 0.9152464866638184, 'eval_mean_uncertainty': 0.25483131408691406, 'eval_mean_confidence_gap': 0.8584012985229492, 'eval_runtime': 36.5205, 'eval_samples_per_second': 15.909, 'eval_steps_per_second': 1.999, 'epoch': 3.0}
{'loss': 0.2035, 'grad_norm': 1.7635284662246704, 'learning_rate': 0.00013958762886597938, 'epoch': 3.02}
{'loss': 0.2, 'grad_norm': 3.1511623859405518, 'learning_rate': 0.0001389003436426117, 'epoch': 3.06}
{'loss': 0.1472, 'grad_norm': 2.725355625152588, 'learning_rate': 0.00013821305841924398, 'epoch': 3.09}
{'loss': 0.2378, 'grad_norm': 1.8415688276290894, 'learning_rate': 0.0001375257731958763, 'epoch': 3.13}
{'loss': 0.1933, 'grad_norm': 2.9816904067993164, 'learning_rate': 0.0001368384879725086, 'epoch': 3.16}
{'loss': 0.1726, 'grad_norm': 1.7484735250473022, 'learning_rate': 0.0001361512027491409, 'epoch': 3.2}
{'loss': 0.2022, 'grad_norm': 4.1788153648376465, 'learning_rate': 0.00013546391752577321, 'epoch': 3.23}
{'loss': 0.186, 'grad_norm': 2.995687246322632, 'learning_rate': 0.0001347766323024055, 'epoch': 3.26}
{'loss': 0.1802, 'grad_norm': 2.121854305267334, 'learning_rate': 0.0001340893470790378, 'epoch': 3.3}
{'loss': 0.1458, 'grad_norm': 1.885138988494873, 'learning_rate': 0.0001334020618556701, 'epoch': 3.33}
{'loss': 0.2115, 'grad_norm': 4.0538225173950195, 'learning_rate': 0.00013271477663230242, 'epoch': 3.37}
{'loss': 0.1628, 'grad_norm': 2.2179102897644043, 'learning_rate': 0.0001320274914089347, 'epoch': 3.4}
{'loss': 0.1869, 'grad_norm': 3.5059525966644287, 'learning_rate': 0.00013134020618556702, 'epoch': 3.44}
{'loss': 0.1699, 'grad_norm': 1.853753924369812, 'learning_rate': 0.00013065292096219933, 'epoch': 3.47}
{'loss': 0.2132, 'grad_norm': 3.5871269702911377, 'learning_rate': 0.00012996563573883162, 'epoch': 3.51}
{'loss': 0.1284, 'grad_norm': 2.5545380115509033, 'learning_rate': 0.00012927835051546393, 'epoch': 3.54}
{'loss': 0.1473, 'grad_norm': 2.708137273788452, 'learning_rate': 0.00012859106529209622, 'epoch': 3.57}
{'loss': 0.1843, 'grad_norm': 4.071717262268066, 'learning_rate': 0.0001279037800687285, 'epoch': 3.61}
{'loss': 0.1715, 'grad_norm': 2.7629499435424805, 'learning_rate': 0.00012721649484536082, 'epoch': 3.64}
{'loss': 0.126, 'grad_norm': 1.2308111190795898, 'learning_rate': 0.00012652920962199314, 'epoch': 3.68}
{'loss': 0.1851, 'grad_norm': 2.6009299755096436, 'learning_rate': 0.00012584192439862543, 'epoch': 3.71}
{'loss': 0.2493, 'grad_norm': 3.248621940612793, 'learning_rate': 0.00012515463917525774, 'epoch': 3.75}
{'loss': 0.2139, 'grad_norm': 2.3928277492523193, 'learning_rate': 0.00012446735395189005, 'epoch': 3.78}
{'loss': 0.2235, 'grad_norm': 2.674278497695923, 'learning_rate': 0.00012378006872852234, 'epoch': 3.81}
{'loss': 0.1458, 'grad_norm': 2.5297787189483643, 'learning_rate': 0.00012309278350515466, 'epoch': 3.85}
{'loss': 0.1471, 'grad_norm': 3.2288496494293213, 'learning_rate': 0.00012240549828178694, 'epoch': 3.88}
{'loss': 0.1723, 'grad_norm': 2.018625497817993, 'learning_rate': 0.00012171821305841924, 'epoch': 3.92}
{'loss': 0.1544, 'grad_norm': 2.5668628215789795, 'learning_rate': 0.00012103092783505155, 'epoch': 3.95}
{'loss': 0.2069, 'grad_norm': 2.820878744125366, 'learning_rate': 0.00012034364261168385, 'epoch': 3.99}
{'eval_loss': 0.37590932846069336, 'eval_accuracy': 0.887031978145589, 'eval_precision': 0.850136393344447, 'eval_recall': 0.8130413400465273, 'eval_f1': 0.8256786582549456, 'eval_mean_confidence': 0.932197093963623, 'eval_mean_uncertainty': 0.19446848332881927, 'eval_mean_confidence_gap': 0.8842110633850098, 'eval_runtime': 36.1775, 'eval_samples_per_second': 16.06, 'eval_steps_per_second': 2.018, 'epoch': 4.0}
{'loss': 0.1352, 'grad_norm': 2.234495162963867, 'learning_rate': 0.00011965635738831616, 'epoch': 4.02}
{'loss': 0.1061, 'grad_norm': 1.791359543800354, 'learning_rate': 0.00011896907216494846, 'epoch': 4.05}
{'loss': 0.0812, 'grad_norm': 3.3970868587493896, 'learning_rate': 0.00011828178694158076, 'epoch': 4.09}
{'loss': 0.131, 'grad_norm': 2.7661502361297607, 'learning_rate': 0.00011759450171821306, 'epoch': 4.12}
{'loss': 0.1288, 'grad_norm': 3.7900946140289307, 'learning_rate': 0.00011690721649484538, 'epoch': 4.16}
{'loss': 0.0591, 'grad_norm': 1.527559757232666, 'learning_rate': 0.00011621993127147768, 'epoch': 4.19}
{'loss': 0.1164, 'grad_norm': 4.6837873458862305, 'learning_rate': 0.00011553264604810997, 'epoch': 4.23}
{'loss': 0.1024, 'grad_norm': 3.216179370880127, 'learning_rate': 0.00011484536082474227, 'epoch': 4.26}
{'loss': 0.1461, 'grad_norm': 2.7289416790008545, 'learning_rate': 0.00011415807560137457, 'epoch': 4.3}
{'loss': 0.0965, 'grad_norm': 1.1446729898452759, 'learning_rate': 0.00011347079037800688, 'epoch': 4.33}
{'loss': 0.0848, 'grad_norm': 3.3110785484313965, 'learning_rate': 0.00011278350515463918, 'epoch': 4.36}
{'loss': 0.0907, 'grad_norm': 2.891547918319702, 'learning_rate': 0.00011209621993127148, 'epoch': 4.4}
{'loss': 0.104, 'grad_norm': 2.358666181564331, 'learning_rate': 0.00011140893470790378, 'epoch': 4.43}
{'loss': 0.1341, 'grad_norm': 3.0385639667510986, 'learning_rate': 0.0001107216494845361, 'epoch': 4.47}
{'loss': 0.091, 'grad_norm': 3.6333632469177246, 'learning_rate': 0.0001100343642611684, 'epoch': 4.5}
{'loss': 0.1302, 'grad_norm': 3.619426727294922, 'learning_rate': 0.00010934707903780069, 'epoch': 4.54}
{'loss': 0.1112, 'grad_norm': 2.020977020263672, 'learning_rate': 0.00010865979381443299, 'epoch': 4.57}
{'loss': 0.0891, 'grad_norm': 2.1002230644226074, 'learning_rate': 0.00010797250859106529, 'epoch': 4.6}
{'loss': 0.1288, 'grad_norm': 2.744253158569336, 'learning_rate': 0.0001072852233676976, 'epoch': 4.64}
{'loss': 0.1246, 'grad_norm': 2.289602041244507, 'learning_rate': 0.0001065979381443299, 'epoch': 4.67}
{'loss': 0.1014, 'grad_norm': 2.553736686706543, 'learning_rate': 0.0001059106529209622, 'epoch': 4.71}
{'loss': 0.0911, 'grad_norm': 1.8948642015457153, 'learning_rate': 0.0001052233676975945, 'epoch': 4.74}
{'loss': 0.1091, 'grad_norm': 2.9616873264312744, 'learning_rate': 0.00010453608247422682, 'epoch': 4.78}
{'loss': 0.0986, 'grad_norm': 4.255705833435059, 'learning_rate': 0.00010384879725085912, 'epoch': 4.81}
{'loss': 0.1115, 'grad_norm': 1.6590739488601685, 'learning_rate': 0.00010316151202749142, 'epoch': 4.85}
{'loss': 0.1122, 'grad_norm': 2.980621576309204, 'learning_rate': 0.00010247422680412371, 'epoch': 4.88}
{'loss': 0.1047, 'grad_norm': 2.059968948364258, 'learning_rate': 0.00010178694158075601, 'epoch': 4.91}
{'loss': 0.1063, 'grad_norm': 1.9784297943115234, 'learning_rate': 0.00010109965635738832, 'epoch': 4.95}
{'loss': 0.1297, 'grad_norm': 1.6093043088912964, 'learning_rate': 0.00010041237113402062, 'epoch': 4.98}
{'eval_loss': 0.42325496673583984, 'eval_accuracy': 0.8909422036531148, 'eval_precision': 0.8273249112347486, 'eval_recall': 0.8214119852752484, 'eval_f1': 0.8237941481591384, 'eval_mean_confidence': 0.9483911991119385, 'eval_mean_uncertainty': 0.14571960270404816, 'eval_mean_confidence_gap': 0.9099829792976379, 'eval_runtime': 36.3891, 'eval_samples_per_second': 15.966, 'eval_steps_per_second': 2.006, 'epoch': 5.0}
{'loss': 0.0611, 'grad_norm': 1.5144517421722412, 'learning_rate': 9.972508591065293e-05, 'epoch': 5.02}
{'loss': 0.0286, 'grad_norm': 3.149503231048584, 'learning_rate': 9.903780068728523e-05, 'epoch': 5.05}
{'loss': 0.0501, 'grad_norm': 0.8951621651649475, 'learning_rate': 9.835051546391753e-05, 'epoch': 5.09}
{'loss': 0.0617, 'grad_norm': 4.607978820800781, 'learning_rate': 9.766323024054983e-05, 'epoch': 5.12}
{'loss': 0.0652, 'grad_norm': 2.4002833366394043, 'learning_rate': 9.697594501718213e-05, 'epoch': 5.15}
{'loss': 0.0571, 'grad_norm': 2.163919687271118, 'learning_rate': 9.628865979381444e-05, 'epoch': 5.19}
{'loss': 0.0645, 'grad_norm': 2.1071834564208984, 'learning_rate': 9.560137457044674e-05, 'epoch': 5.22}
{'loss': 0.0492, 'grad_norm': 1.5362452268600464, 'learning_rate': 9.491408934707904e-05, 'epoch': 5.26}
{'loss': 0.0397, 'grad_norm': 2.3444113731384277, 'learning_rate': 9.422680412371135e-05, 'epoch': 5.29}
{'loss': 0.0764, 'grad_norm': 2.9712703227996826, 'learning_rate': 9.353951890034365e-05, 'epoch': 5.33}
{'loss': 0.0454, 'grad_norm': 1.0024515390396118, 'learning_rate': 9.285223367697595e-05, 'epoch': 5.36}
{'loss': 0.0446, 'grad_norm': 1.9726667404174805, 'learning_rate': 9.216494845360825e-05, 'epoch': 5.4}
{'loss': 0.0557, 'grad_norm': 3.4850664138793945, 'learning_rate': 9.147766323024055e-05, 'epoch': 5.43}
{'loss': 0.0897, 'grad_norm': 3.4251410961151123, 'learning_rate': 9.079037800687285e-05, 'epoch': 5.46}
{'loss': 0.0391, 'grad_norm': 3.339559555053711, 'learning_rate': 9.010309278350516e-05, 'epoch': 5.5}
{'loss': 0.058, 'grad_norm': 2.1197593212127686, 'learning_rate': 8.941580756013746e-05, 'epoch': 5.53}
{'loss': 0.0567, 'grad_norm': 1.7706321477890015, 'learning_rate': 8.872852233676977e-05, 'epoch': 5.57}
{'loss': 0.0624, 'grad_norm': 1.6415916681289673, 'learning_rate': 8.804123711340207e-05, 'epoch': 5.6}
{'loss': 0.0724, 'grad_norm': 3.106969118118286, 'learning_rate': 8.735395189003437e-05, 'epoch': 5.64}
{'loss': 0.0538, 'grad_norm': 2.4502274990081787, 'learning_rate': 8.666666666666667e-05, 'epoch': 5.67}
{'loss': 0.0446, 'grad_norm': 0.3545902967453003, 'learning_rate': 8.597938144329898e-05, 'epoch': 5.7}
{'loss': 0.0638, 'grad_norm': 1.5089927911758423, 'learning_rate': 8.529209621993127e-05, 'epoch': 5.74}
{'loss': 0.077, 'grad_norm': 1.9331297874450684, 'learning_rate': 8.460481099656357e-05, 'epoch': 5.77}
{'loss': 0.0425, 'grad_norm': 2.5211331844329834, 'learning_rate': 8.391752577319589e-05, 'epoch': 5.81}
{'loss': 0.0416, 'grad_norm': 0.8106274008750916, 'learning_rate': 8.323024054982819e-05, 'epoch': 5.84}
{'loss': 0.0588, 'grad_norm': 1.9454303979873657, 'learning_rate': 8.254295532646049e-05, 'epoch': 5.88}
{'loss': 0.0453, 'grad_norm': 1.6097733974456787, 'learning_rate': 8.185567010309279e-05, 'epoch': 5.91}
{'loss': 0.0701, 'grad_norm': 4.295638561248779, 'learning_rate': 8.116838487972509e-05, 'epoch': 5.95}
{'loss': 0.0557, 'grad_norm': 1.7323192358016968, 'learning_rate': 8.048109965635739e-05, 'epoch': 5.98}
{'eval_loss': 0.540844202041626, 'eval_accuracy': 0.8892816969307408, 'eval_precision': 0.8552969969803443, 'eval_recall': 0.8194569352347632, 'eval_f1': 0.8325606248688867, 'eval_mean_confidence': 0.9611659646034241, 'eval_mean_uncertainty': 0.10575113445520401, 'eval_mean_confidence_gap': 0.9305317997932434, 'eval_runtime': 37.4072, 'eval_samples_per_second': 15.532, 'eval_steps_per_second': 1.951, 'epoch': 6.0}
{'loss': 0.0413, 'grad_norm': 0.7050069570541382, 'learning_rate': 7.97938144329897e-05, 'epoch': 6.01}
{'loss': 0.0321, 'grad_norm': 2.8704428672790527, 'learning_rate': 7.910652920962199e-05, 'epoch': 6.05}
{'loss': 0.0189, 'grad_norm': 0.5273135304450989, 'learning_rate': 7.841924398625429e-05, 'epoch': 6.08}
{'loss': 0.0349, 'grad_norm': 2.340479850769043, 'learning_rate': 7.77319587628866e-05, 'epoch': 6.12}
{'loss': 0.0287, 'grad_norm': 1.9489332437515259, 'learning_rate': 7.704467353951891e-05, 'epoch': 6.15}
{'loss': 0.0229, 'grad_norm': 1.9498854875564575, 'learning_rate': 7.635738831615121e-05, 'epoch': 6.19}
{'loss': 0.0371, 'grad_norm': 3.39200496673584, 'learning_rate': 7.567010309278351e-05, 'epoch': 6.22}
{'loss': 0.0207, 'grad_norm': 1.7573819160461426, 'learning_rate': 7.498281786941581e-05, 'epoch': 6.25}
{'loss': 0.0296, 'grad_norm': 3.4747798442840576, 'learning_rate': 7.429553264604811e-05, 'epoch': 6.29}
{'loss': 0.0416, 'grad_norm': 0.9477206468582153, 'learning_rate': 7.360824742268042e-05, 'epoch': 6.32}
{'loss': 0.0384, 'grad_norm': 5.008545398712158, 'learning_rate': 7.292096219931271e-05, 'epoch': 6.36}
{'loss': 0.0266, 'grad_norm': 1.8729832172393799, 'learning_rate': 7.223367697594501e-05, 'epoch': 6.39}
{'loss': 0.0232, 'grad_norm': 0.7872467041015625, 'learning_rate': 7.154639175257733e-05, 'epoch': 6.43}
{'loss': 0.0514, 'grad_norm': 1.6398197412490845, 'learning_rate': 7.085910652920963e-05, 'epoch': 6.46}
{'loss': 0.0234, 'grad_norm': 1.5649259090423584, 'learning_rate': 7.017182130584193e-05, 'epoch': 6.49}
{'loss': 0.0342, 'grad_norm': 1.3733079433441162, 'learning_rate': 6.948453608247423e-05, 'epoch': 6.53}
{'loss': 0.0298, 'grad_norm': 2.558863878250122, 'learning_rate': 6.879725085910653e-05, 'epoch': 6.56}
{'loss': 0.0372, 'grad_norm': 1.4203022718429565, 'learning_rate': 6.810996563573883e-05, 'epoch': 6.6}
{'loss': 0.0257, 'grad_norm': 1.8527412414550781, 'learning_rate': 6.742268041237115e-05, 'epoch': 6.63}
{'loss': 0.0328, 'grad_norm': 2.40846586227417, 'learning_rate': 6.673539518900343e-05, 'epoch': 6.67}
{'loss': 0.0293, 'grad_norm': 1.6731499433517456, 'learning_rate': 6.604810996563573e-05, 'epoch': 6.7}
{'loss': 0.0351, 'grad_norm': 1.853210210800171, 'learning_rate': 6.536082474226805e-05, 'epoch': 6.74}
{'loss': 0.0297, 'grad_norm': 1.5222296714782715, 'learning_rate': 6.467353951890035e-05, 'epoch': 6.77}
{'loss': 0.0244, 'grad_norm': 1.5571069717407227, 'learning_rate': 6.398625429553265e-05, 'epoch': 6.8}
{'loss': 0.0227, 'grad_norm': 1.8877918720245361, 'learning_rate': 6.329896907216495e-05, 'epoch': 6.84}
{'loss': 0.0294, 'grad_norm': 1.1475940942764282, 'learning_rate': 6.261168384879725e-05, 'epoch': 6.87}
{'loss': 0.0374, 'grad_norm': 3.438305616378784, 'learning_rate': 6.192439862542955e-05, 'epoch': 6.91}
{'loss': 0.0386, 'grad_norm': 4.208545207977295, 'learning_rate': 6.123711340206187e-05, 'epoch': 6.94}
{'loss': 0.0319, 'grad_norm': 2.828866720199585, 'learning_rate': 6.0549828178694154e-05, 'epoch': 6.98}
{'eval_loss': 0.7020072340965271, 'eval_accuracy': 0.8891745674647812, 'eval_precision': 0.8522941201600586, 'eval_recall': 0.8322816134772093, 'eval_f1': 0.8406272038697898, 'eval_mean_confidence': 0.9712157845497131, 'eval_mean_uncertainty': 0.07618527114391327, 'eval_mean_confidence_gap': 0.947442352771759, 'eval_runtime': 37.6199, 'eval_samples_per_second': 15.444, 'eval_steps_per_second': 1.94, 'epoch': 7.0}
{'loss': 0.0389, 'grad_norm': 1.5127267837524414, 'learning_rate': 5.986254295532646e-05, 'epoch': 7.01}
{'loss': 0.0207, 'grad_norm': 1.2900714874267578, 'learning_rate': 5.917525773195877e-05, 'epoch': 7.04}
{'loss': 0.018, 'grad_norm': 1.2575435638427734, 'learning_rate': 5.848797250859107e-05, 'epoch': 7.08}
{'loss': 0.0207, 'grad_norm': 1.0309911966323853, 'learning_rate': 5.7800687285223364e-05, 'epoch': 7.11}
{'loss': 0.0158, 'grad_norm': 0.6665297746658325, 'learning_rate': 5.711340206185567e-05, 'epoch': 7.15}
{'loss': 0.0153, 'grad_norm': 0.7119287848472595, 'learning_rate': 5.642611683848797e-05, 'epoch': 7.18}
{'loss': 0.0101, 'grad_norm': 0.7929893732070923, 'learning_rate': 5.573883161512028e-05, 'epoch': 7.22}
{'loss': 0.0167, 'grad_norm': 1.9733192920684814, 'learning_rate': 5.505154639175258e-05, 'epoch': 7.25}
{'loss': 0.0266, 'grad_norm': 0.7376963496208191, 'learning_rate': 5.4364261168384875e-05, 'epoch': 7.29}
{'loss': 0.0117, 'grad_norm': 0.13212524354457855, 'learning_rate': 5.367697594501718e-05, 'epoch': 7.32}
{'loss': 0.0146, 'grad_norm': 1.1560193300247192, 'learning_rate': 5.298969072164949e-05, 'epoch': 7.35}
{'loss': 0.0193, 'grad_norm': 2.3401896953582764, 'learning_rate': 5.230240549828179e-05, 'epoch': 7.39}
{'loss': 0.0133, 'grad_norm': 0.6344717144966125, 'learning_rate': 5.16151202749141e-05, 'epoch': 7.42}
{'loss': 0.0172, 'grad_norm': 0.3596929609775543, 'learning_rate': 5.092783505154639e-05, 'epoch': 7.46}
{'loss': 0.0218, 'grad_norm': 0.8801451325416565, 'learning_rate': 5.0240549828178694e-05, 'epoch': 7.49}
{'loss': 0.0186, 'grad_norm': 0.5777703523635864, 'learning_rate': 4.9553264604811e-05, 'epoch': 7.53}
{'loss': 0.0182, 'grad_norm': 1.7662497758865356, 'learning_rate': 4.88659793814433e-05, 'epoch': 7.56}
{'loss': 0.0163, 'grad_norm': 0.4301336109638214, 'learning_rate': 4.81786941580756e-05, 'epoch': 7.59}
{'loss': 0.0164, 'grad_norm': 1.052858591079712, 'learning_rate': 4.7491408934707904e-05, 'epoch': 7.63}
{'loss': 0.02, 'grad_norm': 0.8579632639884949, 'learning_rate': 4.680412371134021e-05, 'epoch': 7.66}
{'loss': 0.0183, 'grad_norm': 3.0727713108062744, 'learning_rate': 4.611683848797251e-05, 'epoch': 7.7}
{'loss': 0.0101, 'grad_norm': 0.8237317204475403, 'learning_rate': 4.542955326460481e-05, 'epoch': 7.73}
{'loss': 0.0179, 'grad_norm': 0.5743304491043091, 'learning_rate': 4.474226804123712e-05, 'epoch': 7.77}
{'loss': 0.0265, 'grad_norm': 0.500145435333252, 'learning_rate': 4.4054982817869415e-05, 'epoch': 7.8}
{'loss': 0.0097, 'grad_norm': 2.1437880992889404, 'learning_rate': 4.336769759450172e-05, 'epoch': 7.84}
{'loss': 0.0152, 'grad_norm': 0.3863074779510498, 'learning_rate': 4.268041237113402e-05, 'epoch': 7.87}
{'loss': 0.0309, 'grad_norm': 0.5224555134773254, 'learning_rate': 4.1993127147766324e-05, 'epoch': 7.9}
{'loss': 0.0246, 'grad_norm': 1.5719971656799316, 'learning_rate': 4.1305841924398625e-05, 'epoch': 7.94}
{'loss': 0.0161, 'grad_norm': 2.532050609588623, 'learning_rate': 4.061855670103093e-05, 'epoch': 7.97}
{'eval_loss': 0.8824544548988342, 'eval_accuracy': 0.8919599335797311, 'eval_precision': 0.8563418429588666, 'eval_recall': 0.8356522112239689, 'eval_f1': 0.8446972042296094, 'eval_mean_confidence': 0.9786149859428406, 'eval_mean_uncertainty': 0.0551689937710762, 'eval_mean_confidence_gap': 0.9604490399360657, 'eval_runtime': 36.1208, 'eval_samples_per_second': 16.085, 'eval_steps_per_second': 2.021, 'epoch': 8.0}
{'loss': 0.0163, 'grad_norm': 0.12458892911672592, 'learning_rate': 3.993127147766323e-05, 'epoch': 8.01}
{'loss': 0.0097, 'grad_norm': 0.24826915562152863, 'learning_rate': 3.9243986254295534e-05, 'epoch': 8.04}
{'loss': 0.0084, 'grad_norm': 0.6530053615570068, 'learning_rate': 3.855670103092784e-05, 'epoch': 8.08}
{'loss': 0.0081, 'grad_norm': 0.8605566620826721, 'learning_rate': 3.7869415807560136e-05, 'epoch': 8.11}
{'loss': 0.0117, 'grad_norm': 1.0129460096359253, 'learning_rate': 3.7182130584192443e-05, 'epoch': 8.14}
{'loss': 0.0117, 'grad_norm': 0.6355803608894348, 'learning_rate': 3.6494845360824744e-05, 'epoch': 8.18}
{'loss': 0.0091, 'grad_norm': 1.041245698928833, 'learning_rate': 3.5807560137457045e-05, 'epoch': 8.21}
{'loss': 0.0083, 'grad_norm': 0.28248488903045654, 'learning_rate': 3.5120274914089346e-05, 'epoch': 8.25}
{'loss': 0.0142, 'grad_norm': 1.4187307357788086, 'learning_rate': 3.4432989690721654e-05, 'epoch': 8.28}
{'loss': 0.0132, 'grad_norm': 0.7699121832847595, 'learning_rate': 3.3745704467353954e-05, 'epoch': 8.32}
{'loss': 0.0155, 'grad_norm': 1.745068907737732, 'learning_rate': 3.3058419243986255e-05, 'epoch': 8.35}
{'loss': 0.01, 'grad_norm': 0.08696287870407104, 'learning_rate': 3.237113402061856e-05, 'epoch': 8.38}
{'loss': 0.012, 'grad_norm': 1.4975887537002563, 'learning_rate': 3.168384879725086e-05, 'epoch': 8.42}
{'loss': 0.0165, 'grad_norm': 0.07778172194957733, 'learning_rate': 3.0996563573883165e-05, 'epoch': 8.45}
{'loss': 0.0197, 'grad_norm': 0.45575499534606934, 'learning_rate': 3.0309278350515462e-05, 'epoch': 8.49}
{'loss': 0.0098, 'grad_norm': 0.08927062898874283, 'learning_rate': 2.962199312714777e-05, 'epoch': 8.52}
{'loss': 0.008, 'grad_norm': 0.43095314502716064, 'learning_rate': 2.8934707903780074e-05, 'epoch': 8.56}
{'loss': 0.0127, 'grad_norm': 0.6528443098068237, 'learning_rate': 2.824742268041237e-05, 'epoch': 8.59}
{'loss': 0.0161, 'grad_norm': 0.2962844669818878, 'learning_rate': 2.7560137457044676e-05, 'epoch': 8.63}
{'loss': 0.0136, 'grad_norm': 1.2093437910079956, 'learning_rate': 2.6872852233676976e-05, 'epoch': 8.66}
{'loss': 0.0122, 'grad_norm': 0.0989513248205185, 'learning_rate': 2.618556701030928e-05, 'epoch': 8.69}
{'loss': 0.0068, 'grad_norm': 0.2731519639492035, 'learning_rate': 2.549828178694158e-05, 'epoch': 8.73}
{'loss': 0.0131, 'grad_norm': 0.6091905832290649, 'learning_rate': 2.4810996563573886e-05, 'epoch': 8.76}
{'loss': 0.0091, 'grad_norm': 0.37468481063842773, 'learning_rate': 2.4123711340206186e-05, 'epoch': 8.8}
{'loss': 0.0129, 'grad_norm': 0.10100460797548294, 'learning_rate': 2.343642611683849e-05, 'epoch': 8.83}
{'loss': 0.0179, 'grad_norm': 0.8031113147735596, 'learning_rate': 2.274914089347079e-05, 'epoch': 8.87}
{'loss': 0.0198, 'grad_norm': 1.5845341682434082, 'learning_rate': 2.2061855670103092e-05, 'epoch': 8.9}
{'loss': 0.0136, 'grad_norm': 0.5961630344390869, 'learning_rate': 2.1374570446735397e-05, 'epoch': 8.93}
{'loss': 0.0102, 'grad_norm': 0.31316861510276794, 'learning_rate': 2.0687285223367697e-05, 'epoch': 8.97}
{'eval_loss': 0.9671834707260132, 'eval_accuracy': 0.891692109914832, 'eval_precision': 0.8363410624245886, 'eval_recall': 0.8336601148021828, 'eval_f1': 0.833297866633738, 'eval_mean_confidence': 0.9808276891708374, 'eval_mean_uncertainty': 0.049740031361579895, 'eval_mean_confidence_gap': 0.964453399181366, 'eval_runtime': 36.0977, 'eval_samples_per_second': 16.095, 'eval_steps_per_second': 2.022, 'epoch': 9.0}
{'loss': 0.0266, 'grad_norm': 0.17162208259105682, 'learning_rate': 2e-05, 'epoch': 9.0}
{'loss': 0.0085, 'grad_norm': 0.33752644062042236, 'learning_rate': 1.9312714776632302e-05, 'epoch': 9.04}
{'loss': 0.0085, 'grad_norm': 0.39822882413864136, 'learning_rate': 1.8625429553264607e-05, 'epoch': 9.07}
{'loss': 0.0085, 'grad_norm': 0.5210386514663696, 'learning_rate': 1.7938144329896908e-05, 'epoch': 9.11}
{'loss': 0.007, 'grad_norm': 0.43971312046051025, 'learning_rate': 1.7250859106529212e-05, 'epoch': 9.14}
{'loss': 0.0083, 'grad_norm': 0.29264819622039795, 'learning_rate': 1.6563573883161513e-05, 'epoch': 9.18}
{'loss': 0.0065, 'grad_norm': 0.752011239528656, 'learning_rate': 1.5876288659793813e-05, 'epoch': 9.21}
{'loss': 0.0084, 'grad_norm': 0.28286489844322205, 'learning_rate': 1.5189003436426116e-05, 'epoch': 9.24}
{'loss': 0.0137, 'grad_norm': 0.05678680166602135, 'learning_rate': 1.4501718213058422e-05, 'epoch': 9.28}
{'loss': 0.0098, 'grad_norm': 0.5724974870681763, 'learning_rate': 1.3814432989690723e-05, 'epoch': 9.31}
{'loss': 0.0084, 'grad_norm': 0.3354368507862091, 'learning_rate': 1.3127147766323025e-05, 'epoch': 9.35}
{'loss': 0.0099, 'grad_norm': 0.3563879132270813, 'learning_rate': 1.2439862542955328e-05, 'epoch': 9.38}
{'loss': 0.0104, 'grad_norm': 0.03879769518971443, 'learning_rate': 1.1752577319587629e-05, 'epoch': 9.42}
{'loss': 0.0086, 'grad_norm': 0.27840879559516907, 'learning_rate': 1.1065292096219931e-05, 'epoch': 9.45}
{'loss': 0.0087, 'grad_norm': 0.5446696281433105, 'learning_rate': 1.0378006872852235e-05, 'epoch': 9.48}
{'loss': 0.0115, 'grad_norm': 0.42529377341270447, 'learning_rate': 9.690721649484536e-06, 'epoch': 9.52}
{'loss': 0.0066, 'grad_norm': 0.37754637002944946, 'learning_rate': 9.003436426116839e-06, 'epoch': 9.55}
{'loss': 0.0091, 'grad_norm': 0.27770623564720154, 'learning_rate': 8.316151202749141e-06, 'epoch': 9.59}
{'loss': 0.0094, 'grad_norm': 0.11339563876390457, 'learning_rate': 7.628865979381445e-06, 'epoch': 9.62}
{'loss': 0.0098, 'grad_norm': 0.7004704475402832, 'learning_rate': 6.941580756013746e-06, 'epoch': 9.66}
{'loss': 0.0123, 'grad_norm': 1.5595474243164062, 'learning_rate': 6.254295532646048e-06, 'epoch': 9.69}
{'loss': 0.0054, 'grad_norm': 0.46011170744895935, 'learning_rate': 5.567010309278351e-06, 'epoch': 9.73}
{'loss': 0.0075, 'grad_norm': 0.5101373791694641, 'learning_rate': 4.879725085910653e-06, 'epoch': 9.76}
{'loss': 0.0101, 'grad_norm': 0.5658839344978333, 'learning_rate': 4.192439862542956e-06, 'epoch': 9.79}
{'loss': 0.0142, 'grad_norm': 0.30301913619041443, 'learning_rate': 3.505154639175258e-06, 'epoch': 9.83}
{'loss': 0.0117, 'grad_norm': 0.21943603456020355, 'learning_rate': 2.8178694158075602e-06, 'epoch': 9.86}
{'loss': 0.011, 'grad_norm': 2.5273587703704834, 'learning_rate': 2.1305841924398628e-06, 'epoch': 9.9}
{'loss': 0.0091, 'grad_norm': 0.03161322697997093, 'learning_rate': 1.443298969072165e-06, 'epoch': 9.93}
{'loss': 0.0097, 'grad_norm': 0.4540878236293793, 'learning_rate': 7.560137457044674e-07, 'epoch': 9.97}
{'loss': 0.0065, 'grad_norm': 0.001467881491407752, 'learning_rate': 6.872852233676977e-08, 'epoch': 10.0}
{'eval_loss': 0.9987057447433472, 'eval_accuracy': 0.8928705340403879, 'eval_precision': 0.8386937573050378, 'eval_recall': 0.8356946527954863, 'eval_f1': 0.8343431564470101, 'eval_mean_confidence': 0.9815476536750793, 'eval_mean_uncertainty': 0.046911489218473434, 'eval_mean_confidence_gap': 0.9655846357345581, 'eval_runtime': 35.8619, 'eval_samples_per_second': 16.201, 'eval_steps_per_second': 2.036, 'epoch': 10.0}
{'train_runtime': 3052.1313, 'train_samples_per_second': 7.605, 'train_steps_per_second': 0.953, 'train_loss': 0.1632264679649851, 'epoch': 10.0}
Starting token-level evaluation...

Token-Level Classification Report
==================================================
              precision    recall  f1-score   support

         ADJ     0.7550    0.7377    0.7463       610
         ADP     0.9062    0.9449    0.9252      2198
         ADV     0.7635    0.7486    0.7559       871
         AUX     0.6792    0.5838    0.6279       185
       CCONJ     0.9570    0.9673    0.9621      1497
         DET     0.8689    0.9105    0.8892      2067
        INTJ     0.6667    0.5000    0.5714         4
        NOUN     0.8785    0.8897    0.8841      2683
         NUM     0.8693    0.8918    0.8804       194
        PART     1.0000    0.9848    0.9924       132
        PRON     0.8465    0.7995    0.8223      1586
       PROPN     0.9132    0.9084    0.9108       764
       PUNCT     0.9994    0.9982    0.9988      1648
       SCONJ     0.9369    0.9360    0.9365      1000
         SYM     0.9184    0.9375    0.9278        48
        VERB     0.8932    0.8675    0.8802      3162
           X     0.7059    0.6000    0.6486        20

    accuracy                         0.8920     18669
   macro avg     0.8563    0.8357    0.8447     18669
weighted avg     0.8912    0.8920    0.8914     18669


Token-Level Uncertainty Measures:
Mean Confidence: 0.9786
Mean Uncertainty (Entropy): 0.0552
Mean Confidence Gap: 0.9604

Starting robust word-level evaluation...

=== Word-Level Evaluation Diagnostics ===
Total words in test set: 19431
Words that fit in max_length: 19072
Truncated sentences: 2
Coverage: 98.15%
Words lost to truncation: 359

=== Word-Level Results ===
Accuracy: 0.8904
Precision: 0.8559
Recall: 0.8348
F1-Score: 0.8441
Mean Confidence: 0.9783

=== Word-Level Classification Report ===
              precision    recall  f1-score   support

         ADJ     0.7492    0.7377    0.7434       648
         ADP     0.9055    0.9443    0.9245      2243
         ADV     0.7632    0.7452    0.7541       891
         AUX     0.6864    0.5829    0.6304       199
       CCONJ     0.9542    0.9666    0.9604      1529
         DET     0.8716    0.9107    0.8907      2117
        INTJ     0.6667    0.5000    0.5714         4
        NOUN     0.8764    0.8885    0.8824      2762
         NUM     0.8693    0.8918    0.8804       194
        PART     1.0000    0.9848    0.9924       132
        PRON     0.8453    0.8005    0.8223      1624
       PROPN     0.9150    0.9056    0.9103       773
       PUNCT     0.9994    0.9982    0.9988      1649
       SCONJ     0.9335    0.9316    0.9325      1009
         SYM     0.9184    0.9375    0.9278        48
        VERB     0.8911    0.8663    0.8785      3230
           X     0.7059    0.6000    0.6486        20

    accuracy                         0.8904     19072
   macro avg     0.8559    0.8348    0.8441     19072
weighted avg     0.8897    0.8904    0.8898     19072


============================================================
FINAL SUMMARY
============================================================
Expected words in test set: ~20,824
Word-level predictions: 19072
Word-level coverage: 98.15%
Word-level F1-score: 0.8441
Token-level predictions: 18669
Token-level F1-score: 0.8447
Training and evaluation completed!
Results saved in: chauliac_cat_naf_gemma3/
